---
source: src/camera.rs
expression: widget_tree
---
GroupWidget {
    id: 0,
    name: "main",
    label: "Camera and Driver Configuration",
    readonly: false,
    children: [
        GroupWidget {
            id: 1,
            name: "actions",
            label: "Camera Actions",
            readonly: false,
            children: [
                ToggleWidget {
                    id: 2,
                    name: "bulb",
                    label: "Bulb Mode",
                    readonly: false,
                    toggled: None,
                },
                TextWidget {
                    id: 3,
                    name: "controlmode",
                    label: "Set Nikon Control Mode",
                    readonly: false,
                    value: "0",
                },
                TextWidget {
                    id: 4,
                    name: "opcode",
                    label: "PTP Opcode",
                    readonly: false,
                    value: "0x1001,0xparam1,0xparam2",
                },
            ],
        },
        GroupWidget {
            id: 5,
            name: "settings",
            label: "Camera Settings",
            readonly: false,
            children: [
                DateWidget {
                    id: 6,
                    name: "datetime",
                    label: "Camera Date and Time",
                    readonly: false,
                    timestamp: 42,
                },
                RadioWidget {
                    id: 7,
                    name: "thumbsize",
                    label: "Thumb Size",
                    readonly: false,
                    choices: [
                        "normal",
                        "large",
                    ],
                    choice: "",
                },
                ToggleWidget {
                    id: 8,
                    name: "fastfs",
                    label: "Fast Filesystem",
                    readonly: false,
                    toggled: Some(
                        true,
                    ),
                },
                RadioWidget {
                    id: 9,
                    name: "capturetarget",
                    label: "Capture Target",
                    readonly: false,
                    choices: [
                        "Internal RAM",
                        "Memory card",
                    ],
                    choice: "Internal RAM",
                },
                RadioWidget {
                    id: 10,
                    name: "autofocus",
                    label: "Autofocus",
                    readonly: false,
                    choices: [
                        "On",
                        "Off",
                    ],
                    choice: "On",
                },
            ],
        },
        GroupWidget {
            id: 11,
            name: "status",
            label: "Camera Status Information",
            readonly: false,
            children: [
                TextWidget {
                    id: 12,
                    name: "serialnumber",
                    label: "Serial Number",
                    readonly: true,
                    value: "0.1",
                },
                TextWidget {
                    id: 13,
                    name: "manufacturer",
                    label: "Camera Manufacturer",
                    readonly: true,
                    value: "GP",
                },
                TextWidget {
                    id: 14,
                    name: "cameramodel",
                    label: "Camera Model",
                    readonly: true,
                    value: "VC",
                },
                TextWidget {
                    id: 15,
                    name: "deviceversion",
                    label: "Device Version",
                    readonly: true,
                    value: "2.5.11",
                },
                TextWidget {
                    id: 16,
                    name: "vendorextension",
                    label: "Vendor Extension",
                    readonly: true,
                    value: "G-V: 1.0;",
                },
                TextWidget {
                    id: 17,
                    name: "batterylevel",
                    label: "Battery Level",
                    readonly: true,
                    value: "50%",
                },
            ],
        },
        GroupWidget {
            id: 18,
            name: "imgsettings",
            label: "Image Settings",
            readonly: false,
            children: [
                RadioWidget {
                    id: 19,
                    name: "imagesize",
                    label: "Image Size",
                    readonly: true,
                    choices: [
                        "640x480",
                        "1024x768",
                        "2048x1536",
                    ],
                    choice: "640x480",
                },
            ],
        },
        GroupWidget {
            id: 20,
            name: "capturesettings",
            label: "Capture Settings",
            readonly: false,
            children: [
                RadioWidget {
                    id: 21,
                    name: "exposurecompensation",
                    label: "Exposure Compensation",
                    readonly: false,
                    choices: [
                        "-3",
                        "-2.5",
                        "-2",
                        "-1.5",
                        "-1",
                        "-0.5",
                        "0",
                        "0.5",
                        "1",
                        "1.5",
                        "2",
                        "2.5",
                        "3",
                    ],
                    choice: "0",
                },
                RadioWidget {
                    id: 22,
                    name: "f-number",
                    label: "F-Number",
                    readonly: false,
                    choices: [
                        "f/2.8",
                        "f/3.5",
                        "f/4",
                        "f/4.5",
                        "f/5",
                        "f/5.6",
                        "f/6.3",
                        "f/7.1",
                        "f/8",
                        "f/9",
                        "f/10",
                        "f/11",
                        "f/13",
                        "f/14",
                        "f/16",
                        "f/18",
                        "f/20",
                        "f/22",
                    ],
                    choice: "f/2.8",
                },
                RadioWidget {
                    id: 23,
                    name: "shutterspeed",
                    label: "Shutter Speed",
                    readonly: false,
                    choices: [
                        "1.0000s",
                        "0.1000s",
                        "0.0500s",
                        "0.0200s",
                        "0.0100s",
                        "0.0050s",
                        "0.0025s",
                        "0.0012s",
                        "0.0001s",
                    ],
                    choice: "0.0100s",
                },
            ],
        },
        GroupWidget {
            id: 24,
            name: "other",
            label: "Other PTP Device Properties",
            readonly: false,
            children: [
                RadioWidget {
                    id: 25,
                    name: "5001",
                    label: "Battery Level",
                    readonly: true,
                    choices: [
                        "0",
                        "1",
                        "2",
                        "3",
                        "4",
                        "5",
                        "6",
                        "7",
                        "8",
                        "9",
                        "10",
                        "11",
                        "12",
                        "13",
                        "14",
                        "15",
                        "16",
                        "17",
                        "18",
                        "19",
                        "20",
                        "21",
                        "22",
                        "23",
                        "24",
                        "25",
                        "26",
                        "27",
                        "28",
                        "29",
                        "30",
                        "31",
                        "32",
                        "33",
                        "34",
                        "35",
                        "36",
                        "37",
                        "38",
                        "39",
                        "40",
                        "41",
                        "42",
                        "43",
                        "44",
                        "45",
                        "46",
                        "47",
                        "48",
                        "49",
                        "50",
                        "51",
                        "52",
                        "53",
                        "54",
                        "55",
                        "56",
                        "57",
                        "58",
                        "59",
                        "60",
                        "61",
                        "62",
                        "63",
                        "64",
                        "65",
                        "66",
                        "67",
                        "68",
                        "69",
                        "70",
                        "71",
                        "72",
                        "73",
                        "74",
                        "75",
                        "76",
                        "77",
                        "78",
                        "79",
                        "80",
                        "81",
                        "82",
                        "83",
                        "84",
                        "85",
                        "86",
                        "87",
                        "88",
                        "89",
                        "90",
                        "91",
                        "92",
                        "93",
                        "94",
                        "95",
                        "96",
                        "97",
                        "98",
                        "99",
                        "100",
                    ],
                    choice: "50",
                },
                RadioWidget {
                    id: 26,
                    name: "5003",
                    label: "Image Size",
                    readonly: true,
                    choices: [
                        "640x480",
                        "1024x768",
                        "2048x1536",
                    ],
                    choice: "640x480",
                },
                RadioWidget {
                    id: 27,
                    name: "5007",
                    label: "F-Number",
                    readonly: false,
                    choices: [
                        "280",
                        "350",
                        "400",
                        "450",
                        "500",
                        "560",
                        "630",
                        "710",
                        "800",
                        "900",
                        "1000",
                        "1100",
                        "1300",
                        "1400",
                        "1600",
                        "1800",
                        "2000",
                        "2200",
                    ],
                    choice: "280",
                },
                RadioWidget {
                    id: 28,
                    name: "5010",
                    label: "Exposure Bias Compensation",
                    readonly: false,
                    choices: [
                        "-3000",
                        "-2500",
                        "-2000",
                        "-1500",
                        "-1000",
                        "-500",
                        "0",
                        "500",
                        "1000",
                        "1500",
                        "2000",
                        "2500",
                        "3000",
                    ],
                    choice: "0",
                },
                RadioWidget {
                    id: 29,
                    name: "500d",
                    label: "Exposure Time",
                    readonly: false,
                    choices: [
                        "10000",
                        "1000",
                        "500",
                        "200",
                        "100",
                        "50",
                        "25",
                        "12",
                        "1",
                    ],
                    choice: "100",
                },
                TextWidget {
                    id: 30,
                    name: "5011",
                    label: "Date & Time",
                    readonly: false,
                    value: "(omitted timestamp)",
                },
            ],
        },
    ],
}
